// Jest Snapshot v1, https://goo.gl/fbAQLP

exports[`Pruebas de GifGridItem Debe mostrar Counter App correctamente 1`] = `
<div
  className="card animate__animated animate__bounce"
>
  <img
    alt="Prueba"
    src="https://www.freecodecamp.org/news/content/images/2020/02/Ekran-Resmi-2019-11-18-18.08.13.png"
  />
  <p>
    Prueba
  </p>
</div>
`;
